// Jest Snapshot v1, https://goo.gl/fbAQLP

exports[`Layout Component Test should match with existing snapshot 1`] = `"<div><div></div><div></div></div>"`;
