// Jest Snapshot v1, https://goo.gl/fbAQLP

exports[`Sidebar Component Test should match with existing snapshot 1`] = `"<div><div><span class=\\"label\\">Total Requests Count: </span><span class=\\"value\\"> 0 </span></div><div><span class=\\"label\\">Total Requests Amount: </span><span class=\\"value\\"> 0 </span></div><div><span class=\\"label\\">Premium Requests Count: </span><span class=\\"value\\"> 0 </span></div><div><span class=\\"label\\">Premium Requests Amount: </span><span class=\\"value\\"> 0 </span></div><div><span class=\\"label\\">Non Premium Requests Count: </span><span class=\\"value\\"> 0 </span></div><div><span class=\\"label\\">Non Premium Requests Amount: </span><span class=\\"value\\"> 0 </span></div></div><form><div><div><label for=\\"economyRoomField\\">Economy :</label><input type=\\"text\\" name=\\"economy\\" id=\\"economyRoomField\\" value=\\"\\"/></div><div><label for=\\"premiumRoomField\\">Premium :</label><input type=\\"text\\" name=\\"economy\\" id=\\"premiumRoomField\\" value=\\"\\"/></div><button type=\\"submit\\">Enter</button></div></form>"`;
