// Jest Snapshot v1, https://goo.gl/fbAQLP

exports[`App Component Test should match with existing snapshot 1`] = `"<div class=\\"App\\"><div><div><div><span class=\\"label\\">Total Requests Count: </span><span class=\\"value\\"> 10 </span></div><div><span class=\\"label\\">Total Requests Amount: </span><span class=\\"value\\"> 1243 </span></div><div><span class=\\"label\\">Premium Requests Count: </span><span class=\\"value\\"> 5 </span></div><div><span class=\\"label\\">Premium Requests Amount: </span><span class=\\"value\\"> 954 </span></div><div><span class=\\"label\\">Non Premium Requests Count: </span><span class=\\"value\\"> 5 </span></div><div><span class=\\"label\\">Non Premium Requests Amount: </span><span class=\\"value\\"> 289 </span></div><div> 0 fdfd  0</div></div><form><div><div><label for=\\"economyRoomField\\">Economy :</label><input type=\\"text\\" name=\\"economy\\" id=\\"economyRoomField\\" value=\\"\\"/></div><div><label for=\\"premiumRoomField\\">Premium :</label><input type=\\"text\\" name=\\"economy\\" id=\\"premiumRoomField\\" value=\\"\\"/></div><button type=\\"submit\\">Enter</button></div></form><div></div></div></div>"`;
